Archive member included to satisfy reference by file (symbol)

c:/program files (x86)/atmel/studio/7.0/toolchain/avr8/avr8-gnu-toolchain/bin/../lib/gcc/avr/4.9.2/../../../../avr/lib\libpololu_atmega328p.a(OrangutanAnalog.o)
                              master.o (read_trimpot)
c:/program files (x86)/atmel/studio/7.0/toolchain/avr8/avr8-gnu-toolchain/bin/../lib/gcc/avr/4.9.2/../../../../avr/lib\libpololu_atmega328p.a(OrangutanBuzzer.o)
                              master.o (is_playing)
c:/program files (x86)/atmel/studio/7.0/toolchain/avr8/avr8-gnu-toolchain/bin/../lib/gcc/avr/4.9.2/../../../../avr/lib\libpololu_atmega328p.a(OrangutanLCD.o)
                              master.o (lcd_load_custom_character)
c:/program files (x86)/atmel/studio/7.0/toolchain/avr8/avr8-gnu-toolchain/bin/../lib/gcc/avr/4.9.2/../../../../avr/lib\libpololu_atmega328p.a(OrangutanMotors.o)
                              master.o (set_m1_speed)
c:/program files (x86)/atmel/studio/7.0/toolchain/avr8/avr8-gnu-toolchain/bin/../lib/gcc/avr/4.9.2/../../../../avr/lib\libpololu_atmega328p.a(OrangutanPushbuttons.o)
                              master.o (wait_for_button_release)
c:/program files (x86)/atmel/studio/7.0/toolchain/avr8/avr8-gnu-toolchain/bin/../lib/gcc/avr/4.9.2/../../../../avr/lib\libpololu_atmega328p.a(OrangutanSerial.o)
                              master.o (serial_get_received_bytes)
c:/program files (x86)/atmel/studio/7.0/toolchain/avr8/avr8-gnu-toolchain/bin/../lib/gcc/avr/4.9.2/../../../../avr/lib\libpololu_atmega328p.a(OrangutanTime.o)
                              master.o (delay_ms)
c:/program files (x86)/atmel/studio/7.0/toolchain/avr8/avr8-gnu-toolchain/bin/../lib/gcc/avr/4.9.2/../../../../avr/lib\libpololu_atmega328p.a(Pololu3pi.o)
                              master.o (read_line_sensors)
c:/program files (x86)/atmel/studio/7.0/toolchain/avr8/avr8-gnu-toolchain/bin/../lib/gcc/avr/4.9.2/../../../../avr/lib\libpololu_atmega328p.a(PololuQTRSensors.o)
                              c:/program files (x86)/atmel/studio/7.0/toolchain/avr8/avr8-gnu-toolchain/bin/../lib/gcc/avr/4.9.2/../../../../avr/lib\libpololu_atmega328p.a(Pololu3pi.o) (_ZN16PololuQTRSensors11emittersOffEv)
c:/program files (x86)/atmel/studio/7.0/toolchain/avr8/avr8-gnu-toolchain/bin/../lib/gcc/avr/4.9.2/avr5\libgcc.a(_udivmodqi4.o)
                              c:/program files (x86)/atmel/studio/7.0/toolchain/avr8/avr8-gnu-toolchain/bin/../lib/gcc/avr/4.9.2/../../../../avr/lib\libpololu_atmega328p.a(OrangutanBuzzer.o) (__udivmodqi4)
c:/program files (x86)/atmel/studio/7.0/toolchain/avr8/avr8-gnu-toolchain/bin/../lib/gcc/avr/4.9.2/avr5\libgcc.a(_udivmodhi4.o)
                              master.o (__udivmodhi4)
c:/program files (x86)/atmel/studio/7.0/toolchain/avr8/avr8-gnu-toolchain/bin/../lib/gcc/avr/4.9.2/avr5\libgcc.a(_divmodhi4.o)
                              master.o (__divmodhi4)
c:/program files (x86)/atmel/studio/7.0/toolchain/avr8/avr8-gnu-toolchain/bin/../lib/gcc/avr/4.9.2/avr5\libgcc.a(_udivmodsi4.o)
                              c:/program files (x86)/atmel/studio/7.0/toolchain/avr8/avr8-gnu-toolchain/bin/../lib/gcc/avr/4.9.2/../../../../avr/lib\libpololu_atmega328p.a(OrangutanAnalog.o) (__udivmodsi4)
c:/program files (x86)/atmel/studio/7.0/toolchain/avr8/avr8-gnu-toolchain/bin/../lib/gcc/avr/4.9.2/avr5\libgcc.a(_divmodsi4.o)
                              c:/program files (x86)/atmel/studio/7.0/toolchain/avr8/avr8-gnu-toolchain/bin/../lib/gcc/avr/4.9.2/../../../../avr/lib\libpololu_atmega328p.a(OrangutanBuzzer.o) (__divmodsi4)
c:/program files (x86)/atmel/studio/7.0/toolchain/avr8/avr8-gnu-toolchain/bin/../lib/gcc/avr/4.9.2/avr5\libgcc.a(_negsi2.o)
                              c:/program files (x86)/atmel/studio/7.0/toolchain/avr8/avr8-gnu-toolchain/bin/../lib/gcc/avr/4.9.2/avr5\libgcc.a(_divmodsi4.o) (__negsi2)
c:/program files (x86)/atmel/studio/7.0/toolchain/avr8/avr8-gnu-toolchain/bin/../lib/gcc/avr/4.9.2/avr5\libgcc.a(_exit.o)
                              C:/Program Files (x86)/Atmel/Studio/7.0/Packs/atmel/ATmega_DFP/1.0.106/gcc/dev/atmega328p/avr5/crtatmega328p.o (exit)
c:/program files (x86)/atmel/studio/7.0/toolchain/avr8/avr8-gnu-toolchain/bin/../lib/gcc/avr/4.9.2/avr5\libgcc.a(_copy_data.o)
                              master.o (__do_copy_data)
c:/program files (x86)/atmel/studio/7.0/toolchain/avr8/avr8-gnu-toolchain/bin/../lib/gcc/avr/4.9.2/avr5\libgcc.a(_clear_bss.o)
                              master.o (__do_clear_bss)
c:/program files (x86)/atmel/studio/7.0/toolchain/avr8/avr8-gnu-toolchain/bin/../lib/gcc/avr/4.9.2/avr5\libgcc.a(_dtors.o)
                              c:/program files (x86)/atmel/studio/7.0/toolchain/avr8/avr8-gnu-toolchain/bin/../lib/gcc/avr/4.9.2/../../../../avr/lib\libpololu_atmega328p.a(Pololu3pi.o) (__do_global_dtors)
c:/program files (x86)/atmel/studio/7.0/toolchain/avr8/avr8-gnu-toolchain/bin/../lib/gcc/avr/4.9.2/avr5\libgcc.a(_umulhisi3.o)
[...]
Memory Configuration

Name             Origin             Length             Attributes
text             0x00000000         0x00020000         xr
data             0x00800060         0x0000ffa0         rw !x
eeprom           0x00810000         0x00010000         rw !x
fuse             0x00820000         0x00000400         rw !x
lock             0x00830000         0x00000400         rw !x
signature        0x00840000         0x00000400         rw !x
user_signatures  0x00850000         0x00000400         rw !x
*default*        0x00000000         0xffffffff

Linker script and memory map

Address of section .data set to 0x800100
LOAD C:/Program Files (x86)/Atmel/Studio/7.0/Packs/atmel/ATmega_DFP/1.0.106/gcc/dev/atmega328p/avr5/crtatmega328p.o
LOAD master.o
START GROUP
LOAD c:/program files (x86)/atmel/studio/7.0/toolchain/avr8/avr8-gnu-toolchain/bin/../lib/gcc/avr/4.9.2/../../../../avr/lib\libpololu_atmega328p.a
LOAD c:/program files (x86)/atmel/studio/7.0/toolchain/avr8/avr8-gnu-toolchain/bin/../lib/gcc/avr/4.9.2/../../../../avr/lib/avr5\libm.a
END GROUP
START GROUP
LOAD c:/program files (x86)/atmel/studio/7.0/toolchain/avr8/avr8-gnu-toolchain/bin/../lib/gcc/avr/4.9.2/avr5\libgcc.a
LOAD c:/program files (x86)/atmel/studio/7.0/toolchain/avr8/avr8-gnu-toolchain/bin/../lib/gcc/avr/4.9.2/../../../../avr/lib/avr5\libm.a
LOAD c:/program files (x86)/atmel/studio/7.0/toolchain/avr8/avr8-gnu-toolchain/bin/../lib/gcc/avr/4.9.2/../../../../avr/lib/avr5\libc.a
LOAD C:/Program Files (x86)/Atmel/Studio/7.0/Packs/atmel/ATmega_DFP/1.0.106/gcc/dev/atmega328p/avr5\libatmega328p.a
END GROUP
                0x00020000                __TEXT_REGION_LENGTH__ = DEFINED (__TEXT_REGION_LENGTH__)?__TEXT_REGION_LENGTH__:0x20000
                0x0000ffa0                __DATA_REGION_LENGTH__ = DEFINED (__DATA_REGION_LENGTH__)?__DATA_REGION_LENGTH__:0xffa0
                0x00010000                __EEPROM_REGION_LENGTH__ = DEFINED (__EEPROM_REGION_LENGTH__)?__EEPROM_REGION_LENGTH__:0x10000
                0x00000400                __FUSE_REGION_LENGTH__ = DEFINED (__FUSE_REGION_LENGTH__)?__FUSE_REGION_LENGTH__:0x400
                0x00000400                __LOCK_REGION_LENGTH__ = DEFINED (__LOCK_REGION_LENGTH__)?__LOCK_REGION_LENGTH__:0x400
                0x00000400                __SIGNATURE_REGION_LENGTH__ = DEFINED (__SIGNATURE_REGION_LENGTH__)?__SIGNATURE_REGION_LENGTH__:0x400
                0x00000400                __USER_SIGNATURE_REGION_LENGTH__ = DEFINED (__USER_SIGNATURE_REGION_LENGTH__)?__USER_SIGNATURE_REGION_LENGTH__:0x400

.hash
 *(.hash)

.dynsym
 *(.dynsym)

.dynstr
 *(.dynstr)

.gnu.version
 *(.gnu.version)

.gnu.version_d
 *(.gnu.version_d)

.gnu.version_r
 *(.gnu.version_r)

.rel.init
 *(.rel.init)

.rela.init
 *(.rela.init)

.rel.text
 *(.rel.text)
 *(.rel.text.*)
 *(.rel.gnu.linkonce.t*)

.rela.text
 *(.rela.text)
 *(.rela.text.*)
 *(.rela.gnu.linkonce.t*)

.rel.fini
 *(.rel.fini)

.rela.fini
 *(.rela.fini)

.rel.rodata
 *(.rel.rodata)
 *(.rel.rodata.*)
 *(.rel.gnu.linkonce.r*)

.rela.rodata
 *(.rela.rodata)
 *(.rela.rodata.*)
 *(.rela.gnu.linkonce.r*)

.rel.data
 *(.rel.data)
 *(.rel.data.*)
 *(.rel.gnu.linkonce.d*)

.rela.data
 *(.rela.data)
 *(.rela.data.*)
 *(.rela.gnu.linkonce.d*)

.rel.ctors
 *(.rel.ctors)

.rela.ctors
 *(.rela.ctors)

.rel.dtors
 *(.rel.dtors)

.rela.dtors
 *(.rela.dtors)

.rel.got
 *(.rel.got)

.rela.got
 *(.rela.got)

.rel.bss
 *(.rel.bss)

.rela.bss
 *(.rela.bss)

.rel.plt
 *(.rel.plt)

.rela.plt
 *(.rela.plt)

.text           0x00000000     0x262e
 *(.vectors)
 .vectors       0x00000000       0x68 C:/Program Files (x86)/Atmel/Studio/7.0/Packs/atmel/ATmega_DFP/1.0.106/gcc/dev/atmega328p/avr5/crtatmega328p.o
                0x00000000                __vector_default
                0x00000000                __vectors
 *(.vectors)
 *(.progmem.gcc*)
                0x00000068                . = ALIGN (0x2)
                0x00000068                __trampolines_start = .
 *(.trampolines)
 .trampolines   0x00000068        0x0 linker stubs
 *(.trampolines*)
                0x00000068                __trampolines_end = .
 *(.progmem*)
 .progmem.data.demo_name_line2
                0x00000068        0x9 master.o
                0x00000068                demo_name_line2
 .progmem.data.demo_name_line1
                0x00000071        0x5 master.o
                0x00000071                demo_name_line1
 .progmem.data.welcome_line2
                0x00000076        0x9 master.o
                0x00000076                welcome_line2
 .progmem.data.welcome_line1
                0x0000007f        0x8 master.o
                0x0000007f                welcome_line1
 .progmem.data.levels
                0x00000087        0xe master.o
                0x00000087                levels
 .progmem.data.go
                0x00000095        0xd master.o
                0x00000095                go
 .progmem.data.welcome
                0x000000a2        0xa master.o
                0x000000a2                welcome
                0x000000ac                . = ALIGN (0x2)
 *(.jumptables)
 *(.jumptables*)
 *(.lowtext)
 *(.lowtext*)
                0x000000ac                __ctors_start = .
 *(.ctors)
                0x000000ac                __ctors_end = .
                0x000000ac                __dtors_start = .
 *(.dtors)
 .dtors         0x000000ac        0x2 c:/program files (x86)/atmel/studio/7.0/toolchain/avr8/avr8-gnu-toolchain/bin/../lib/gcc/avr/4.9.2/../../../../avr/lib\libpololu_atmega328p.a(Pololu3pi.o)
                0x000000ae                __dtors_end = .
 SORT(*)(.ctors)
 SORT(*)(.dtors)
 *(.init0)
 .init0         0x000000ae        0x0 C:/Program Files (x86)/Atmel/Studio/7.0/Packs/atmel/ATmega_DFP/1.0.106/gcc/dev/atmega328p/avr5/crtatmega328p.o
                0x000000ae                __init
 *(.init0)
 *(.init1)
 *(.init1)
 *(.init2)
 .init2         0x000000ae        0xc C:/Program Files (x86)/Atmel/Studio/7.0/Packs/atmel/ATmega_DFP/1.0.106/gcc/dev/atmega328p/avr5/crtatmega328p.o
 *(.init2)
 *(.init3)
 *(.init3)
 *(.init4)
 .init4         0x000000ba       0x16 c:/program files (x86)/atmel/studio/7.0/toolchain/avr8/avr8-gnu-toolchain/bin/../lib/gcc/avr/4.9.2/avr5\libgcc.a(_copy_data.o)
                0x000000ba                __do_copy_data
 .init4         0x000000d0       0x10 c:/program files (x86)/atmel/studio/7.0/toolchain/avr8/avr8-gnu-toolchain/bin/../lib/gcc/avr/4.9.2/avr5\libgcc.a(_clear_bss.o)
                0x000000d0                __do_clear_bss
 *(.init4)
 *(.init5)
 *(.init5)
 *(.init6)
 *(.init6)
 *(.init7)
 *(.init7)
 *(.init8)
 *(.init8)
 *(.init9)
 .init9         0x000000e0        0x8 C:/Program Files (x86)/Atmel/Studio/7.0/Packs/atmel/ATmega_DFP/1.0.106/gcc/dev/atmega328p/avr5/crtatmega328p.o
 *(.init9)
 *(.text)
 .text          0x000000e8        0x4 C:/Program Files (x86)/Atmel/Studio/7.0/Packs/atmel/ATmega_DFP/1.0.106/gcc/dev/atmega328p/avr5/crtatmega328p.o
                0x000000e8                __vector_22
                0x000000e8                __vector_1
                0x000000e8                __vector_24
                0x000000e8                __vector_12
                0x000000e8                __bad_interrupt
                0x000000e8                __vector_6
                0x000000e8                __vector_3
                0x000000e8                __vector_23
                0x000000e8                __vector_25
                0x000000e8                __vector_11
                0x000000e8                __vector_17
                0x000000e8                __vector_7
                0x000000e8                __vector_5
                0x000000e8                __vector_4
                0x000000e8                __vector_2
                0x000000e8                __vector_21
                0x000000e8                __vector_15
                0x000000e8                __vector_8
                0x000000e8                __vector_14
                0x000000e8                __vector_10
                0x000000e8                __vector_16
                0x000000e8                __vector_20
                0x000000ec                . = ALIGN (0x2)
 *(.text.*)
 .text.load_custom_characters
                0x000000ec       0x4a master.o
                0x000000ec                load_custom_characters
 .text.display_readings
                0x00000136       0x8e master.o
                0x00000136                display_readings
 .text.initialize
                0x000001c4      0x176 master.o
                0x000001c4                initialize
 .text.gogogo   0x0000033a      0x2d4 master.o
                0x0000033a                gogogo
 .text.turnOn   0x0000060e       0x6a master.o
                0x0000060e                turnOn
 .text.startup.main
                0x00000678       0x84 master.o
                0x00000678                main
 .text._ZN15OrangutanAnalog7setModeEh.part.0
                0x000006fc        0xc c:/program files (x86)/atmel/studio/7.0/toolchain/avr8/avr8-gnu-toolchain/bin/../lib/gcc/avr/4.9.2/../../../../avr/lib\libpololu_atmega328p.a(OrangutanAnalog.o)
 .text._ZN15OrangutanAnalog7setModeEh
                0x00000708       0x16 c:/program files (x86)/atmel/studio/7.0/toolchain/avr8/avr8-gnu-toolchain/bin/../lib/gcc/avr/4.9.2/../../../../avr/lib\libpololu_atmega328p.a(OrangutanAnalog.o)
                0x00000708                _ZN15OrangutanAnalog7setModeEh
 .text._ZN15OrangutanAnalog7getModeEv
                0x0000071e        0xc c:/program files (x86)/atmel/studio/7.0/toolchain/avr8/avr8-gnu-toolchain/bin/../lib/gcc/avr/4.9.2/../../../../avr/lib\libpololu_atmega328p.a(OrangutanAnalog.o)
                0x0000071e                _ZN15OrangutanAnalog7getModeEv
 .text._ZN15OrangutanAnalog16conversionResultEv
                0x0000072a       0x1a c:/program files (x86)/atmel/studio/7.0/toolchain/avr8/avr8-gnu-toolchain/bin/../lib/gcc/avr/4.9.2/../../../../avr/lib\libpololu_atmega328p.a(OrangutanAnalog.o)
                0x0000072a                _ZN15OrangutanAnalog16conversionResultEv
 .text._ZN15OrangutanAnalog15startConversionEhh
                0x00000744       0x2e c:/program files (x86)/atmel/studio/7.0/toolchain/avr8/avr8-gnu-toolchain/bin/../lib/gcc/avr/4.9.2/../../../../avr/lib\libpololu_atmega328p.a(OrangutanAnalog.o)
                0x00000744                _ZN15OrangutanAnalog15startConversionEhh
 .text._ZN15OrangutanAnalog11readAverageEhj
                0x00000772       0x8c c:/program files (x86)/atmel/studio/7.0/toolchain/avr8/avr8-gnu-toolchain/bin/../lib/gcc/avr/4.9.2/../../../../avr/lib\libpololu_atmega328p.a(OrangutanAnalog.o)
                0x00000772                _ZN15OrangutanAnalog11readAverageEhj
 .text._ZN15OrangutanAnalog12toMillivoltsEj
                0x000007fe       0x5c c:/program files (x86)/atmel/studio/7.0/toolchain/avr8/avr8-gnu-toolchain/bin/../lib/gcc/avr/4.9.2/../../../../avr/lib\libpololu_atmega328p.a(OrangutanAnalog.o)
                0x000007fe                _ZN15OrangutanAnalog12toMillivoltsEj
 .text._ZN15OrangutanAnalog21readAverageMillivoltsEhj
                0x0000085a        0xa c:/program files (x86)/atmel/studio/7.0/toolchain/avr8/avr8-gnu-toolchain/bin/../lib/gcc/avr/4.9.2/../../../../avr/lib\libpololu_atmega328p.a(OrangutanAnalog.o)
                0x0000085a                _ZN15OrangutanAnalog21readAverageMillivoltsEhj
 .text._ZN15OrangutanAnalog25readBatteryMillivolts_3piEv
                0x00000864       0x3a c:/program files (x86)/atmel/studio/7.0/toolchain/avr8/avr8-gnu-toolchain/bin/../lib/gcc/avr/4.9.2/../../../../avr/lib\libpololu_atmega328p.a(OrangutanAnalog.o)
                0x00000864                _ZN15OrangutanAnalog25readBatteryMillivolts_3piEv
 .text.read_battery_millivolts_3pi
                0x0000089e        0x6 c:/program files (x86)/atmel/studio/7.0/toolchain/avr8/avr8-gnu-toolchain/bin/../lib/gcc/avr/4.9.2/../../../../avr/lib\libpololu_atmega328p.a(OrangutanAnalog.o)
                0x0000089e                read_battery_millivolts_3pi
 .text._ZL16currentCharacterv
                0x000008a4       0x3a c:/program files (x86)/atmel/studio/7.0/toolchain/avr8/avr8-gnu-toolchain/bin/../lib/gcc/avr/4.9.2/../../../../avr/lib\libpololu_atmega328p.a(OrangutanBuzzer.o)
 .text._ZL9getNumberv
                0x000008de       0x50 c:/program files (x86)/atmel/studio/7.0/toolchain/avr8/avr8-gnu-toolchain/bin/../lib/gcc/avr/4.9.2/../../../../avr/lib\libpololu_atmega328p.a(OrangutanBuzzer.o)
 .text._ZN15OrangutanBuzzer5init2Ev
                0x0000092e       0x2e c:/program files (x86)/atmel/studio/7.0/toolchain/avr8/avr8-gnu-toolchain/bin/../lib/gcc/avr/4.9.2/../../../../avr/lib\libpololu_atmega328p.a(OrangutanBuzzer.o)
                0x0000092e                _ZN15OrangutanBuzzer5init2Ev
 .text._ZN15OrangutanBuzzer13playFrequencyEjjh
                0x0000095c      0x178 c:/program files (x86)/atmel/studio/7.0/toolchain/avr8/avr8-gnu-toolchain/bin/../lib/gcc/avr/4.9.2/../../../../avr/lib\libpololu_atmega328p.a(OrangutanBuzzer.o)
                0x0000095c                _ZN15OrangutanBuzzer13playFrequencyEjjh
 .text._ZN15OrangutanBuzzer8playNoteEhjh
                0x00000ad4       0xa8 c:/program files (x86)/atmel/studio/7.0/toolchain/avr8/avr8-gnu-toolchain/bin/../lib/gcc/avr/4.9.2/../../../../avr/lib\libpololu_atmega328p.a(OrangutanBuzzer.o)
                0x00000ad4                _ZN15OrangutanBuzzer8playNoteEhjh
 .text._ZL8nextNotev
                0x00000b7c      0x296 c:/program files (x86)/atmel/studio/7.0/toolchain/avr8/avr8-gnu-toolchain/bin/../lib/gcc/avr/4.9.2/../../../../avr/lib\libpololu_atmega328p.a(OrangutanBuzzer.o)
 .text.__vector_13
                0x00000e12       0xa2 c:/program files (x86)/atmel/studio/7.0/toolchain/avr8/avr8-gnu-toolchain/bin/../lib/gcc/avr/4.9.2/../../../../avr/lib\libpololu_atmega328p.a(OrangutanBuzzer.o)
                0x00000e12                __vector_13
 .text._ZN15OrangutanBuzzer9isPlayingEv
                0x00000eb4       0x1e c:/program files (x86)/atmel/studio/7.0/toolchain/avr8/avr8-gnu-toolchain/bin/../lib/gcc/avr/4.9.2/../../../../avr/lib\libpololu_atmega328p.a(OrangutanBuzzer.o)
                0x00000eb4                _ZN15OrangutanBuzzer9isPlayingEv
 .text.is_playing
                0x00000ed2        0x6 c:/program files (x86)/atmel/studio/7.0/toolchain/avr8/avr8-gnu-toolchain/bin/../lib/gcc/avr/4.9.2/../../../../avr/lib\libpololu_atmega328p.a(OrangutanBuzzer.o)
                0x00000ed2                is_playing
 .text._ZN15OrangutanBuzzer20playFromProgramSpaceEPKc
                0x00000ed8       0x1c c:/program files (x86)/atmel/studio/7.0/toolchain/avr8/avr8-gnu-toolchain/bin/../lib/gcc/avr/4.9.2/../../../../avr/lib\libpololu_atmega328p.a(OrangutanBuzzer.o)
                0x00000ed8                _ZN15OrangutanBuzzer20playFromProgramSpaceEPKc
 .text.play_from_program_space
                0x00000ef4        0x6 c:/program files (x86)/atmel/studio/7.0/toolchain/avr8/avr8-gnu-toolchain/bin/../lib/gcc/avr/4.9.2/../../../../avr/lib\libpololu_atmega328p.a(OrangutanBuzzer.o)
                0x00000ef4                play_from_program_space
 .text.delay_us.constprop.0
                0x00000efa       0x14 c:/program files (x86)/atmel/studio/7.0/toolchain/avr8/avr8-gnu-toolchain/bin/../lib/gcc/avr/4.9.2/../../../../avr/lib\libpololu_atmega328p.a(OrangutanLCD.o)
 .text._ZN12OrangutanLCD8busyWaitEv
                0x00000f0e       0x60 c:/program files (x86)/atmel/studio/7.0/toolchain/avr8/avr8-gnu-toolchain/bin/../lib/gcc/avr/4.9.2/../../../../avr/lib\libpololu_atmega328p.a(OrangutanLCD.o)
                0x00000f0e                _ZN12OrangutanLCD8busyWaitEv
 .text._ZN12OrangutanLCD8sendDataEh
                0x00000f6e       0x3c c:/program files (x86)/atmel/studio/7.0/toolchain/avr8/avr8-gnu-toolchain/bin/../lib/gcc/avr/4.9.2/../../../../avr/lib\libpololu_atmega328p.a(OrangutanLCD.o)
                0x00000f6e                _ZN12OrangutanLCD8sendDataEh
 .text._ZN12OrangutanLCD4sendEhhh
                0x00000faa       0x6e c:/program files (x86)/atmel/studio/7.0/toolchain/avr8/avr8-gnu-toolchain/bin/../lib/gcc/avr/4.9.2/../../../../avr/lib\libpololu_atmega328p.a(OrangutanLCD.o)
                0x00000faa                _ZN12OrangutanLCD4sendEhhh
 .text._ZN12OrangutanLCD8send_cmdEh
                0x00001018        0xa c:/program files (x86)/atmel/studio/7.0/toolchain/avr8/avr8-gnu-toolchain/bin/../lib/gcc/avr/4.9.2/../../../../avr/lib\libpololu_atmega328p.a(OrangutanLCD.o)
                0x00001018                _ZN12OrangutanLCD8send_cmdEh
 .text._ZN12OrangutanLCD9send_dataEh
                0x00001022        0xa c:/program files (x86)/atmel/studio/7.0/toolchain/avr8/avr8-gnu-toolchain/bin/../lib/gcc/avr/4.9.2/../../../../avr/lib\libpololu_atmega328p.a(OrangutanLCD.o)
                0x00001022                _ZN12OrangutanLCD9send_dataEh
 .text._ZN12OrangutanLCD19loadCustomCharacterEPKch
                0x0000102c       0x48 c:/program files (x86)/atmel/studio/7.0/toolchain/avr8/avr8-gnu-toolchain/bin/../lib/gcc/avr/4.9.2/../../../../avr/lib\libpololu_atmega328p.a(OrangutanLCD.o)
                0x0000102c                _ZN12OrangutanLCD19loadCustomCharacterEPKch
 .text.lcd_load_custom_character
                0x00001074        0x6 c:/program files (x86)/atmel/studio/7.0/toolchain/avr8/avr8-gnu-toolchain/bin/../lib/gcc/avr/4.9.2/../../../../avr/lib\libpololu_atmega328p.a(OrangutanLCD.o)
                0x00001074                lcd_load_custom_character
 .text.print_character
                0x0000107a        0x6 c:/program files (x86)/atmel/studio/7.0/toolchain/avr8/avr8-gnu-toolchain/bin/../lib/gcc/avr/4.9.2/../../../../avr/lib\libpololu_atmega328p.a(OrangutanLCD.o)
                0x0000107a                print_character
 .text._ZN12OrangutanLCD13send_4bit_cmdEh
                0x00001080        0xa c:/program files (x86)/atmel/studio/7.0/toolchain/avr8/avr8-gnu-toolchain/bin/../lib/gcc/avr/4.9.2/../../../../avr/lib\libpololu_atmega328p.a(OrangutanLCD.o)
                0x00001080                _ZN12OrangutanLCD13send_4bit_cmdEh
 .text._ZN12OrangutanLCD5init2Ev
                0x0000108a       0x7e c:/program files (x86)/atmel/studio/7.0/toolchain/avr8/avr8-gnu-toolchain/bin/../lib/gcc/avr/4.9.2/../../../../avr/lib\libpololu_atmega328p.a(OrangutanLCD.o)
                0x0000108a                _ZN12OrangutanLCD5init2Ev
 .text._ZN12OrangutanLCD5clearEv
                0x00001108       0x52 c:/program files (x86)/atmel/studio/7.0/toolchain/avr8/avr8-gnu-toolchain/bin/../lib/gcc/avr/4.9.2/../../../../avr/lib\libpololu_atmega328p.a(OrangutanLCD.o)
                0x00001108                _ZN12OrangutanLCD5clearEv
 .text.clear    0x0000115a        0x6 c:/program files (x86)/atmel/studio/7.0/toolchain/avr8/avr8-gnu-toolchain/bin/../lib/gcc/avr/4.9.2/../../../../avr/lib\libpololu_atmega328p.a(OrangutanLCD.o)
                0x0000115a                clear
 .text._ZN12OrangutanLCD5printEPKc
                0x00001160       0x18 c:/program files (x86)/atmel/studio/7.0/toolchain/avr8/avr8-gnu-toolchain/bin/../lib/gcc/avr/4.9.2/../../../../avr/lib\libpololu_atmega328p.a(OrangutanLCD.o)
                0x00001160                _ZN12OrangutanLCD5printEPKc
 .text.print    0x00001178        0x6 c:/program files (x86)/atmel/studio/7.0/toolchain/avr8/avr8-gnu-toolchain/bin/../lib/gcc/avr/4.9.2/../../../../avr/lib\libpololu_atmega328p.a(OrangutanLCD.o)
                0x00001178                print
 .text._ZN12OrangutanLCD21printFromProgramSpaceEPKc
                0x0000117e       0x1c c:/program files (x86)/atmel/studio/7.0/toolchain/avr8/avr8-gnu-toolchain/bin/../lib/gcc/avr/4.9.2/../../../../avr/lib\libpololu_atmega328p.a(OrangutanLCD.o)
                0x0000117e                _ZN12OrangutanLCD21printFromProgramSpaceEPKc
 .text.print_from_program_space
                0x0000119a        0x6 c:/program files (x86)/atmel/studio/7.0/toolchain/avr8/avr8-gnu-toolchain/bin/../lib/gcc/avr/4.9.2/../../../../avr/lib\libpololu_atmega328p.a(OrangutanLCD.o)
                0x0000119a                print_from_program_space
 .text._ZN12OrangutanLCD5printEm
                0x000011a0       0x6c c:/program files (x86)/atmel/studio/7.0/toolchain/avr8/avr8-gnu-toolchain/bin/../lib/gcc/avr/4.9.2/../../../../avr/lib\libpololu_atmega328p.a(OrangutanLCD.o)
                0x000011a0                _ZN12OrangutanLCD5printEm
 .text._ZN12OrangutanLCD5printEl
                0x0000120c       0x38 c:/program files (x86)/atmel/studio/7.0/toolchain/avr8/avr8-gnu-toolchain/bin/../lib/gcc/avr/4.9.2/../../../../avr/lib\libpololu_atmega328p.a(OrangutanLCD.o)
                0x0000120c                _ZN12OrangutanLCD5printEl
 .text.print_long
                0x00001244        0x6 c:/program files (x86)/atmel/studio/7.0/toolchain/avr8/avr8-gnu-toolchain/bin/../lib/gcc/avr/4.9.2/../../../../avr/lib\libpololu_atmega328p.a(OrangutanLCD.o)
                0x00001244                print_long
 .text._ZN12OrangutanLCD6gotoXYEhh
                0x0000124a       0x40 c:/program files (x86)/atmel/studio/7.0/toolchain/avr8/avr8-gnu-toolchain/bin/../lib/gcc/avr/4.9.2/../../../../avr/lib\libpololu_atmega328p.a(OrangutanLCD.o)
                0x0000124a                _ZN12OrangutanLCD6gotoXYEhh
 .text.lcd_goto_xy
                0x0000128a        0x6 c:/program files (x86)/atmel/studio/7.0/toolchain/avr8/avr8-gnu-toolchain/bin/../lib/gcc/avr/4.9.2/../../../../avr/lib\libpololu_atmega328p.a(OrangutanLCD.o)
                0x0000128a                lcd_goto_xy
 .text._ZN16OrangutanDigital9setOutputEhh
                0x00001290       0x82 c:/program files (x86)/atmel/studio/7.0/toolchain/avr8/avr8-gnu-toolchain/bin/../lib/gcc/avr/4.9.2/../../../../avr/lib\libpololu_atmega328p.a(OrangutanMotors.o)
                0x00001290                _ZN16OrangutanDigital9setOutputEhh
 .text._ZN15OrangutanMotors5init2Ev
                0x00001312       0x3e c:/program files (x86)/atmel/studio/7.0/toolchain/avr8/avr8-gnu-toolchain/bin/../lib/gcc/avr/4.9.2/../../../../avr/lib\libpololu_atmega328p.a(OrangutanMotors.o)
                0x00001312                _ZN15OrangutanMotors5init2Ev
 .text._ZN15OrangutanMotors4initEv
                0x00001350       0x14 c:/program files (x86)/atmel/studio/7.0/toolchain/avr8/avr8-gnu-toolchain/bin/../lib/gcc/avr/4.9.2/../../../../avr/lib\libpololu_atmega328p.a(OrangutanMotors.o)
                0x00001350                _ZN15OrangutanMotors4initEv
 .text._ZN15OrangutanMotors10setM1SpeedEi
                0x00001364       0x3a c:/program files (x86)/atmel/studio/7.0/toolchain/avr8/avr8-gnu-toolchain/bin/../lib/gcc/avr/4.9.2/../../../../avr/lib\libpololu_atmega328p.a(OrangutanMotors.o)
                0x00001364                _ZN15OrangutanMotors10setM1SpeedEi
 .text._ZN15OrangutanMotors10setM2SpeedEi
                0x0000139e       0x42 c:/program files (x86)/atmel/studio/7.0/toolchain/avr8/avr8-gnu-toolchain/bin/../lib/gcc/avr/4.9.2/../../../../avr/lib\libpololu_atmega328p.a(OrangutanMotors.o)
                0x0000139e                _ZN15OrangutanMotors10setM2SpeedEi
 .text._ZN15OrangutanMotors9setSpeedsEii
                0x000013e0       0x16 c:/program files (x86)/atmel/studio/7.0/toolchain/avr8/avr8-gnu-toolchain/bin/../lib/gcc/avr/4.9.2/../../../../avr/lib\libpololu_atmega328p.a(OrangutanMotors.o)
                0x000013e0                _ZN15OrangutanMotors9setSpeedsEii
 .text.set_motors
                0x000013f6        0x6 c:/program files (x86)/atmel/studio/7.0/toolchain/avr8/avr8-gnu-toolchain/bin/../lib/gcc/avr/4.9.2/../../../../avr/lib\libpololu_atmega328p.a(OrangutanMotors.o)
                0x000013f6                set_motors
 .text._ZN20OrangutanPushbuttons5init2Ev
                0x000013fc       0x20 c:/program files (x86)/atmel/studio/7.0/toolchain/avr8/avr8-gnu-toolchain/bin/../lib/gcc/avr/4.9.2/../../../../avr/lib\libpololu_atmega328p.a(OrangutanPushbuttons.o)
                0x000013fc                _ZN20OrangutanPushbuttons5init2Ev
 .text._ZN20OrangutanPushbuttons4initEv
                0x0000141c       0x14 c:/program files (x86)/atmel/studio/7.0/toolchain/avr8/avr8-gnu-toolchain/bin/../lib/gcc/avr/4.9.2/../../../../avr/lib\libpololu_atmega328p.a(OrangutanPushbuttons.o)
                0x0000141c                _ZN20OrangutanPushbuttons4initEv
 .text._ZN20OrangutanPushbuttons14waitForReleaseEh
                0x00001430       0x24 c:/program files (x86)/atmel/studio/7.0/toolchain/avr8/avr8-gnu-toolchain/bin/../lib/gcc/avr/4.9.2/../../../../avr/lib\libpololu_atmega328p.a(OrangutanPushbuttons.o)
                0x00001430                _ZN20OrangutanPushbuttons14waitForReleaseEh
 .text.wait_for_button_release
                0x00001454        0x6 c:/program files (x86)/atmel/studio/7.0/toolchain/avr8/avr8-gnu-toolchain/bin/../lib/gcc/avr/4.9.2/../../../../avr/lib\libpololu_atmega328p.a(OrangutanPushbuttons.o)
                0x00001454                wait_for_button_release
 .text._ZN20OrangutanPushbuttons9isPressedEh
                0x0000145a       0x22 c:/program files (x86)/atmel/studio/7.0/toolchain/avr8/avr8-gnu-toolchain/bin/../lib/gcc/avr/4.9.2/../../../../avr/lib\libpololu_atmega328p.a(OrangutanPushbuttons.o)
                0x0000145a                _ZN20OrangutanPushbuttons9isPressedEh
 .text.button_is_pressed
                0x0000147c        0x6 c:/program files (x86)/atmel/studio/7.0/toolchain/avr8/avr8-gnu-toolchain/bin/../lib/gcc/avr/4.9.2/../../../../avr/lib\libpololu_atmega328p.a(OrangutanPushbuttons.o)
                0x0000147c                button_is_pressed
 .text._ZN15OrangutanSerial21serial_rx_handle_byteEhh
                0x00001482       0x56 c:/program files (x86)/atmel/studio/7.0/toolchain/avr8/avr8-gnu-toolchain/bin/../lib/gcc/avr/4.9.2/../../../../avr/lib\libpololu_atmega328p.a(OrangutanSerial.o)
                0x00001482                _ZN15OrangutanSerial21serial_rx_handle_byteEhh
 .text._ZN15OrangutanSerial14receive_inlineEhPchh
                0x000014d8       0x32 c:/program files (x86)/atmel/studio/7.0/toolchain/avr8/avr8-gnu-toolchain/bin/../lib/gcc/avr/4.9.2/../../../../avr/lib\libpololu_atmega328p.a(OrangutanSerial.o)
                0x000014d8                _ZN15OrangutanSerial14receive_inlineEhPchh
 .text._ZN15OrangutanSerial11receiveRingEPch
                0x0000150a        0xe c:/program files (x86)/atmel/studio/7.0/toolchain/avr8/avr8-gnu-toolchain/bin/../lib/gcc/avr/4.9.2/../../../../avr/lib\libpololu_atmega328p.a(OrangutanSerial.o)
                0x0000150a                _ZN15OrangutanSerial11receiveRingEPch
 .text.serial_receive_ring
                0x00001518        0x6 c:/program files (x86)/atmel/studio/7.0/toolchain/avr8/avr8-gnu-toolchain/bin/../lib/gcc/avr/4.9.2/../../../../avr/lib\libpololu_atmega328p.a(OrangutanSerial.o)
                0x00001518                serial_receive_ring
 .text.__vector_18
                0x0000151e       0x4e c:/program files (x86)/atmel/studio/7.0/toolchain/avr8/avr8-gnu-toolchain/bin/../lib/gcc/avr/4.9.2/../../../../avr/lib\libpololu_atmega328p.a(OrangutanSerial.o)
                0x0000151e                __vector_18
 .text._ZN15OrangutanSerial24uart_update_tx_interruptEh
                0x0000156c       0x36 c:/program files (x86)/atmel/studio/7.0/toolchain/avr8/avr8-gnu-toolchain/bin/../lib/gcc/avr/4.9.2/../../../../avr/lib\libpololu_atmega328p.a(OrangutanSerial.o)
                0x0000156c                _ZN15OrangutanSerial24uart_update_tx_interruptEh
 .text._ZN15OrangutanSerial15initUART_inlineEh
                0x000015a2       0x24 c:/program files (x86)/atmel/studio/7.0/toolchain/avr8/avr8-gnu-toolchain/bin/../lib/gcc/avr/4.9.2/../../../../avr/lib\libpololu_atmega328p.a(OrangutanSerial.o)
                0x000015a2                _ZN15OrangutanSerial15initUART_inlineEh
 .text.serial_set_baud_rate
                0x000015c6       0x48 c:/program files (x86)/atmel/studio/7.0/toolchain/avr8/avr8-gnu-toolchain/bin/../lib/gcc/avr/4.9.2/../../../../avr/lib\libpololu_atmega328p.a(OrangutanSerial.o)
                0x000015c6                serial_set_baud_rate
 .text._ZN15OrangutanSerial11uart_tx_isrEh
                0x0000160e       0x42 c:/program files (x86)/atmel/studio/7.0/toolchain/avr8/avr8-gnu-toolchain/bin/../lib/gcc/avr/4.9.2/../../../../avr/lib\libpololu_atmega328p.a(OrangutanSerial.o)
                0x0000160e                _ZN15OrangutanSerial11uart_tx_isrEh
 .text.__vector_19
                0x00001650       0x4a c:/program files (x86)/atmel/studio/7.0/toolchain/avr8/avr8-gnu-toolchain/bin/../lib/gcc/avr/4.9.2/../../../../avr/lib\libpololu_atmega328p.a(OrangutanSerial.o)
                0x00001650                __vector_19
 .text.__vector_9
                0x0000169a       0x74 c:/program files (x86)/atmel/studio/7.0/toolchain/avr8/avr8-gnu-toolchain/bin/../lib/gcc/avr/4.9.2/../../../../avr/lib\libpololu_atmega328p.a(OrangutanTime.o)
                0x0000169a                __vector_9
 .text._ZN13OrangutanTime17delayMillisecondsEj
                0x0000170e       0x1c c:/program files (x86)/atmel/studio/7.0/toolchain/avr8/avr8-gnu-toolchain/bin/../lib/gcc/avr/4.9.2/../../../../avr/lib\libpololu_atmega328p.a(OrangutanTime.o)
                0x0000170e                _ZN13OrangutanTime17delayMillisecondsEj
 .text.delay_ms
                0x0000172a        0x6 c:/program files (x86)/atmel/studio/7.0/toolchain/avr8/avr8-gnu-toolchain/bin/../lib/gcc/avr/4.9.2/../../../../avr/lib\libpololu_atmega328p.a(OrangutanTime.o)
                0x0000172a                delay_ms
 .text._ZN13OrangutanTime5init2Ev
                0x00001730       0x30 c:/program files (x86)/atmel/studio/7.0/toolchain/avr8/avr8-gnu-toolchain/bin/../lib/gcc/avr/4.9.2/../../../../avr/lib\libpololu_atmega328p.a(OrangutanTime.o)
                0x00001730                _ZN13OrangutanTime5init2Ev
 .text._ZN13OrangutanTime4initEv
                0x00001760       0x14 c:/program files (x86)/atmel/studio/7.0/toolchain/avr8/avr8-gnu-toolchain/bin/../lib/gcc/avr/4.9.2/../../../../avr/lib\libpololu_atmega328p.a(OrangutanTime.o)
                0x00001760                _ZN13OrangutanTime4initEv
 .text._ZN13OrangutanTime5resetEv
                0x00001774       0x2e c:/program files (x86)/atmel/studio/7.0/toolchain/avr8/avr8-gnu-toolchain/bin/../lib/gcc/avr/4.9.2/../../../../avr/lib\libpololu_atmega328p.a(OrangutanTime.o)
                0x00001774                _ZN13OrangutanTime5resetEv
 .text.calibrate_line_sensors
                0x000017a2        0xc c:/program files (x86)/atmel/studio/7.0/toolchain/avr8/avr8-gnu-toolchain/bin/../lib/gcc/avr/4.9.2/../../../../avr/lib\libpololu_atmega328p.a(Pololu3pi.o)
                0x000017a2                calibrate_line_sensors
 .text.read_line
                0x000017ae       0x10 c:/program files (x86)/atmel/studio/7.0/toolchain/avr8/avr8-gnu-toolchain/bin/../lib/gcc/avr/4.9.2/../../../../avr/lib\libpololu_atmega328p.a(Pololu3pi.o)
                0x000017ae                read_line
 .text._ZN9Pololu3pi4initEjh
                0x000017be       0x5c c:/program files (x86)/atmel/studio/7.0/toolchain/avr8/avr8-gnu-toolchain/bin/../lib/gcc/avr/4.9.2/../../../../avr/lib\libpololu_atmega328p.a(Pololu3pi.o)
                0x000017be                _ZN9Pololu3pi4initEjh
 .text.pololu_3pi_init
                0x0000181a        0x8 c:/program files (x86)/atmel/studio/7.0/toolchain/avr8/avr8-gnu-toolchain/bin/../lib/gcc/avr/4.9.2/../../../../avr/lib\libpololu_atmega328p.a(Pololu3pi.o)
                0x0000181a                pololu_3pi_init
 .text.exit._GLOBAL__sub_D_pololu_3pi_init
                0x00001822        0xa c:/program files (x86)/atmel/studio/7.0/toolchain/avr8/avr8-gnu-toolchain/bin/../lib/gcc/avr/4.9.2/../../../../avr/lib\libpololu_atmega328p.a(Pololu3pi.o)
 .text.delay_us
                0x0000182c       0x10 c:/program files (x86)/atmel/studio/7.0/toolchain/avr8/avr8-gnu-toolchain/bin/../lib/gcc/avr/4.9.2/../../../../avr/lib\libpololu_atmega328p.a(PololuQTRSensors.o)
 .text._ZN16OrangutanDigital14getIORegistersEP8IOStructh
                0x0000183c       0x7a c:/program files (x86)/atmel/studio/7.0/toolchain/avr8/avr8-gnu-toolchain/bin/../lib/gcc/avr/4.9.2/../../../../avr/lib\libpololu_atmega328p.a(PololuQTRSensors.o)
                0x0000183c                _ZN16OrangutanDigital14getIORegistersEP8IOStructh
 .text._ZN16PololuQTRSensors4initEhhh
                0x000018b6       0x5a c:/program files (x86)/atmel/studio/7.0/toolchain/avr8/avr8-gnu-toolchain/bin/../lib/gcc/avr/4.9.2/../../../../avr/lib\libpololu_atmega328p.a(PololuQTRSensors.o)
                0x000018b6                _ZN16PololuQTRSensors4initEhhh
 .text._ZN16PololuQTRSensors11emittersOffEv
                0x00001910       0x2a c:/program files (x86)/atmel/studio/7.0/toolchain/avr8/avr8-gnu-toolchain/bin/../lib/gcc/avr/4.9.2/../../../../avr/lib\libpololu_atmega328p.a(PololuQTRSensors.o)
                0x00001910                _ZN16PololuQTRSensors11emittersOffEv
 .text._ZN16PololuQTRSensors10emittersOnEv
                0x0000193a       0x28 c:/program files (x86)/atmel/studio/7.0/toolchain/avr8/avr8-gnu-toolchain/bin/../lib/gcc/avr/4.9.2/../../../../avr/lib\libpololu_atmega328p.a(PololuQTRSensors.o)
                0x0000193a                _ZN16PololuQTRSensors10emittersOnEv
 .text._ZN18PololuQTRSensorsRC4initEPhhjh
                0x00001962       0xaa c:/program files (x86)/atmel/studio/7.0/toolchain/avr8/avr8-gnu-toolchain/bin/../lib/gcc/avr/4.9.2/../../../../avr/lib\libpololu_atmega328p.a(PololuQTRSensors.o)
                0x00001962                _ZN18PololuQTRSensorsRC4initEPhhjh
 .text._ZN18PololuQTRSensorsRC11readPrivateEPj
                0x00001a0c      0x1b0 c:/program files (x86)/atmel/studio/7.0/toolchain/avr8/avr8-gnu-toolchain/bin/../lib/gcc/avr/4.9.2/../../../../avr/lib\libpololu_atmega328p.a(PololuQTRSensors.o)
                0x00001a0c                _ZN18PololuQTRSensorsRC11readPrivateEPj
 .text._ZN22PololuQTRSensorsAnalog11readPrivateEPj
                0x00001bbc       0xfa c:/program files (x86)/atmel/studio/7.0/toolchain/avr8/avr8-gnu-toolchain/bin/../lib/gcc/avr/4.9.2/../../../../avr/lib\libpololu_atmega328p.a(PololuQTRSensors.o)
                0x00001bbc                _ZN22PololuQTRSensorsAnalog11readPrivateEPj
 .text._ZN16PololuQTRSensors4readEPjh
                0x00001cb6       0xba c:/program files (x86)/atmel/studio/7.0/toolchain/avr8/avr8-gnu-toolchain/bin/../lib/gcc/avr/4.9.2/../../../../avr/lib\libpololu_atmega328p.a(PololuQTRSensors.o)
                0x00001cb6                _ZN16PololuQTRSensors4readEPjh
 .text._ZN16PololuQTRSensors16calibrateOnOrOffEPPjS1_h
                0x00001d70      0x202 c:/program files (x86)/atmel/studio/7.0/toolchain/avr8/avr8-gnu-toolchain/bin/../lib/gcc/avr/4.9.2/../../../../avr/lib\libpololu_atmega328p.a(PololuQTRSensors.o)
                0x00001d70                _ZN16PololuQTRSensors16calibrateOnOrOffEPPjS1_h
 .text._ZN16PololuQTRSensors9calibrateEh
                0x00001f72       0x48 c:/program files (x86)/atmel/studio/7.0/toolchain/avr8/avr8-gnu-toolchain/bin/../lib/gcc/avr/4.9.2/../../../../avr/lib\libpololu_atmega328p.a(PololuQTRSensors.o)
                0x00001f72                _ZN16PololuQTRSensors9calibrateEh
 .text._ZN16PololuQTRSensors14readCalibratedEPjh
                0x00001fba      0x15a c:/program files (x86)/atmel/studio/7.0/toolchain/avr8/avr8-gnu-toolchain/bin/../lib/gcc/avr/4.9.2/../../../../avr/lib\libpololu_atmega328p.a(PololuQTRSensors.o)
                0x00001fba                _ZN16PololuQTRSensors14readCalibratedEPjh
 .text._ZN16PololuQTRSensors8readLineEPjhh
                0x00002114       0xea c:/program files (x86)/atmel/studio/7.0/toolchain/avr8/avr8-gnu-toolchain/bin/../lib/gcc/avr/4.9.2/../../../../avr/lib\libpololu_atmega328p.a(PololuQTRSensors.o)
                0x00002114                _ZN16PololuQTRSensors8readLineEPjhh
 .text._ZN16PololuQTRSensorsD2Ev
                0x000021fe       0x3c c:/program files (x86)/atmel/studio/7.0/toolchain/avr8/avr8-gnu-toolchain/bin/../lib/gcc/avr/4.9.2/../../../../avr/lib\libpololu_atmega328p.a(PololuQTRSensors.o)
                0x000021fe                _ZN16PololuQTRSensorsD1Ev
                0x000021fe                _ZN16PololuQTRSensorsD2Ev
 .text.libgcc.div
                0x0000223a       0x18 c:/program files (x86)/atmel/studio/7.0/toolchain/avr8/avr8-gnu-toolchain/bin/../lib/gcc/avr/4.9.2/avr5\libgcc.a(_udivmodqi4.o)
                0x0000223a                __udivmodqi4
 .text.libgcc.div
                0x00002252       0x28 c:/program files (x86)/atmel/studio/7.0/toolchain/avr8/avr8-gnu-toolchain/bin/../lib/gcc/avr/4.9.2/avr5\libgcc.a(_udivmodhi4.o)
                0x00002252                __udivmodhi4
 .text.libgcc.div
                0x0000227a       0x44 c:/program files (x86)/atmel/studio/7.0/toolchain/avr8/avr8-gnu-toolchain/bin/../lib/gcc/avr/4.9.2/avr5\libgcc.a(_udivmodsi4.o)
                0x0000227a                __udivmodsi4
 .text.libgcc.div
                0x000022be       0x2e c:/program files (x86)/atmel/studio/7.0/toolchain/avr8/avr8-gnu-toolchain/bin/../lib/gcc/avr/4.9.2/avr5\libgcc.a(_divmodsi4.o)
                0x000022be                __divmodsi4
 .text.libgcc.div
                0x000022ec       0x10 c:/program files (x86)/atmel/studio/7.0/toolchain/avr8/avr8-gnu-toolchain/bin/../lib/gcc/avr/4.9.2/avr5\libgcc.a(_negsi2.o)
                0x000022ec                __negsi2
 .text.libgcc.mul
                0x000022fc       0x1e c:/program files (x86)/atmel/studio/7.0/toolchain/avr8/avr8-gnu-toolchain/bin/../lib/gcc/avr/4.9.2/avr5\libgcc.a(_umulhisi3.o)
                0x000022fc                __umulhisi3
 .text.libgcc.mul
                0x0000231a       0x16 c:/program files (x86)/atmel/studio/7.0/toolchain/avr8/avr8-gnu-toolchain/bin/../lib/gcc/avr/4.9.2/avr5\libgcc.a(_muluhisi3.o)
                0x0000231a                __muluhisi3
 .text.libgcc.mul
                0x00002330       0x10 c:/program files (x86)/atmel/studio/7.0/toolchain/avr8/avr8-gnu-toolchain/bin/../lib/gcc/avr/4.9.2/avr5\libgcc.a(_mulshisi3.o)
                0x00002330                __mulshisi3
                0x00002336                __mulohisi3
 .text.libgcc.prologue
                0x00002340       0x38 c:/program files (x86)/atmel/studio/7.0/toolchain/avr8/avr8-gnu-toolchain/bin/../lib/gcc/avr/4.9.2/avr5\libgcc.a(_prologue.o)
                0x00002340                __prologue_saves__
 .text.libgcc.prologue
                0x00002378       0x36 c:/program files (x86)/atmel/studio/7.0/toolchain/avr8/avr8-gnu-toolchain/bin/../lib/gcc/avr/4.9.2/avr5\libgcc.a(_epilogue.o)
                0x00002378                __epilogue_restores__
 .text.libgcc   0x000023ae        0xc c:/program files (x86)/atmel/studio/7.0/toolchain/avr8/avr8-gnu-toolchain/bin/../lib/gcc/avr/4.9.2/avr5\libgcc.a(_tablejump2.o)
                0x000023ae                __tablejump2__
 .text.avr-libc
                0x000023ba      0x25a c:/program files (x86)/atmel/studio/7.0/toolchain/avr8/avr8-gnu-toolchain/bin/../lib/gcc/avr/4.9.2/../../../../avr/lib/avr5\libc.a(malloc.o)
                0x000023ba                malloc
                0x000024e4                free
                0x00002614                . = ALIGN (0x2)
 *(.fini9)
 .fini9         0x00002614        0x0 c:/program files (x86)/atmel/studio/7.0/toolchain/avr8/avr8-gnu-toolchain/bin/../lib/gcc/avr/4.9.2/avr5\libgcc.a(_exit.o)
                0x00002614                _exit
                0x00002614                exit
 *(.fini9)
 *(.fini8)
 *(.fini8)
 *(.fini7)
 *(.fini7)
 *(.fini6)
 .fini6         0x00002614       0x16 c:/program files (x86)/atmel/studio/7.0/toolchain/avr8/avr8-gnu-toolchain/bin/../lib/gcc/avr/4.9.2/avr5\libgcc.a(_dtors.o)
                0x00002614                __do_global_dtors
 *(.fini6)
 *(.fini5)
 *(.fini5)
 *(.fini4)
 *(.fini4)
 *(.fini3)
 *(.fini3)
 *(.fini2)
 *(.fini2)
 *(.fini1)
 *(.fini1)
 *(.fini0)
 .fini0         0x0000262a        0x4 c:/program files (x86)/atmel/studio/7.0/toolchain/avr8/avr8-gnu-toolchain/bin/../lib/gcc/avr/4.9.2/avr5\libgcc.a(_exit.o)
 *(.fini0)
                0x0000262e                _etext = .

.data           0x00800100       0x6a load address 0x0000262e
                0x00800100                PROVIDE (__data_start, .)
 *(.data)
 .data          0x00800100        0x2 c:/program files (x86)/atmel/studio/7.0/toolchain/avr8/avr8-gnu-toolchain/bin/../lib/gcc/avr/4.9.2/../../../../avr/lib\libpololu_atmega328p.a(OrangutanAnalog.o)
 .data          0x00800102        0xa c:/program files (x86)/atmel/studio/7.0/toolchain/avr8/avr8-gnu-toolchain/bin/../lib/gcc/avr/4.9.2/../../../../avr/lib\libpololu_atmega328p.a(OrangutanBuzzer.o)
                0x0080010b                buzzerFinished
 .data          0x0080010c        0x2 c:/program files (x86)/atmel/studio/7.0/toolchain/avr8/avr8-gnu-toolchain/bin/../lib/gcc/avr/4.9.2/../../../../avr/lib\libpololu_atmega328p.a(OrangutanLCD.o)
                0x0080010c                numLCDCols
                0x0080010d                numLCDRows
 .data          0x0080010e        0x6 c:/program files (x86)/atmel/studio/7.0/toolchain/avr8/avr8-gnu-toolchain/bin/../lib/gcc/avr/4.9.2/../../../../avr/lib/avr5\libc.a(malloc.o)
                0x0080010e                __malloc_heap_end
                0x00800110                __malloc_heap_start
                0x00800112                __malloc_margin
 *(.data*)
 *(.rodata)
 .rodata        0x00800114        0xa master.o
 .rodata        0x0080011e       0x18 c:/program files (x86)/atmel/studio/7.0/toolchain/avr8/avr8-gnu-toolchain/bin/../lib/gcc/avr/4.9.2/../../../../avr/lib\libpololu_atmega328p.a(OrangutanBuzzer.o)
 .rodata        0x00800136        0x5 c:/program files (x86)/atmel/studio/7.0/toolchain/avr8/avr8-gnu-toolchain/bin/../lib/gcc/avr/4.9.2/../../../../avr/lib\libpololu_atmega328p.a(Pololu3pi.o)
 *(.rodata*)
 .rodata.str1.1
                0x0080013b       0x2f master.o
 *(.gnu.linkonce.d*)
                0x0080016a                . = ALIGN (0x2)
                0x0080016a                _edata = .
                0x0080016a                PROVIDE (__data_end, .)

.bss            0x0080016a      0x161
                0x0080016a                PROVIDE (__bss_start, .)
 *(.bss)
 .bss           0x0080016a        0x9 c:/program files (x86)/atmel/studio/7.0/toolchain/avr8/avr8-gnu-toolchain/bin/../lib/gcc/avr/4.9.2/../../../../avr/lib\libpololu_atmega328p.a(OrangutanBuzzer.o)
                0x0080016a                buzzerSequence
                0x0080016c                buzzerInitialized
 .bss           0x00800173        0x8 c:/program files (x86)/atmel/studio/7.0/toolchain/avr8/avr8-gnu-toolchain/bin/../lib/gcc/avr/4.9.2/../../../../avr/lib\libpololu_atmega328p.a(OrangutanLCD.o)
                0x00800173                lcdTimeout
                0x00800177                col
                0x00800178                row
                0x00800179                printf_chars
 .bss           0x0080017b        0xa c:/program files (x86)/atmel/studio/7.0/toolchain/avr8/avr8-gnu-toolchain/bin/../lib/gcc/avr/4.9.2/../../../../avr/lib\libpololu_atmega328p.a(OrangutanSerial.o)
                0x0080017b                _ZN15OrangutanSerial5portsE
 .bss           0x00800185        0xa c:/program files (x86)/atmel/studio/7.0/toolchain/avr8/avr8-gnu-toolchain/bin/../lib/gcc/avr/4.9.2/../../../../avr/lib\libpololu_atmega328p.a(OrangutanTime.o)
                0x00800185                us_over_10
                0x00800187                msCounter
                0x0080018b                tickCount
 .bss           0x0080018f       0x44 c:/program files (x86)/atmel/studio/7.0/toolchain/avr8/avr8-gnu-toolchain/bin/../lib/gcc/avr/4.9.2/../../../../avr/lib\libpololu_atmega328p.a(Pololu3pi.o)
 .bss           0x008001d3        0x4 c:/program files (x86)/atmel/studio/7.0/toolchain/avr8/avr8-gnu-toolchain/bin/../lib/gcc/avr/4.9.2/../../../../avr/lib\libpololu_atmega328p.a(PololuQTRSensors.o)
 *(.bss*)
 .bss._ZZN12OrangutanLCD4initEvE11initialized
                0x008001d7        0x1 c:/program files (x86)/atmel/studio/7.0/toolchain/avr8/avr8-gnu-toolchain/bin/../lib/gcc/avr/4.9.2/../../../../avr/lib\libpololu_atmega328p.a(OrangutanLCD.o)
                0x008001d7                _ZZN12OrangutanLCD4initEvE11initialized
 .bss._ZZN15OrangutanMotors4initEvE11initialized
                0x008001d8        0x1 c:/program files (x86)/atmel/studio/7.0/toolchain/avr8/avr8-gnu-toolchain/bin/../lib/gcc/avr/4.9.2/../../../../avr/lib\libpololu_atmega328p.a(OrangutanMotors.o)
                0x008001d8                _ZZN15OrangutanMotors4initEvE11initialized
 .bss._ZZN20OrangutanPushbuttons4initEvE11initialized
                0x008001d9        0x1 c:/program files (x86)/atmel/studio/7.0/toolchain/avr8/avr8-gnu-toolchain/bin/../lib/gcc/avr/4.9.2/../../../../avr/lib\libpololu_atmega328p.a(OrangutanPushbuttons.o)
                0x008001d9                _ZZN20OrangutanPushbuttons4initEvE11initialized
 .bss._ZZN13OrangutanTime4initEvE11initialized
                0x008001da        0x1 c:/program files (x86)/atmel/studio/7.0/toolchain/avr8/avr8-gnu-toolchain/bin/../lib/gcc/avr/4.9.2/../../../../avr/lib\libpololu_atmega328p.a(OrangutanTime.o)
                0x008001da                _ZZN13OrangutanTime4initEvE11initialized
 *(COMMON)
 COMMON         0x008001db       0xec master.o
                0x008001db                messType
                0x008001dd                position
                0x008001df                message
                0x008001f3                messCommand
                0x008001f5                buffer
                0x00800259                music_buffer
                0x008002bd                sensors
 COMMON         0x008002c7        0x4 c:/program files (x86)/atmel/studio/7.0/toolchain/avr8/avr8-gnu-toolchain/bin/../lib/gcc/avr/4.9.2/../../../../avr/lib/avr5\libc.a(malloc.o)
                0x008002c7                __brkval
                0x008002c9                __flp
                0x008002cb                PROVIDE (__bss_end, .)
                0x0000262e                __data_load_start = LOADADDR (.data)
                0x00002698                __data_load_end = (__data_load_start + SIZEOF (.data))

.noinit         0x008002cb        0x0
                [!provide]                PROVIDE (__noinit_start, .)
 *(.noinit*)
                [!provide]                PROVIDE (__noinit_end, .)
                0x008002cb                _end = .
                0x008002cb                PROVIDE (__heap_start, .)

.eeprom         0x00810000        0x0
 *(.eeprom*)
                0x00810000                __eeprom_end = .

.fuse
 *(.fuse)
 *(.lfuse)
 *(.hfuse)
 *(.efuse)

.lock
 *(.lock*)

.signature
 *(.signature*)

.user_signatures
 *(.user_signatures*)

.stab           0x00000000     0x7860
 *(.stab)
 .stab          0x00000000      0xb64 c:/program files (x86)/atmel/studio/7.0/toolchain/avr8/avr8-gnu-toolchain/bin/../lib/gcc/avr/4.9.2/../../../../avr/lib\libpololu_atmega328p.a(OrangutanAnalog.o)
                               0x14e8 (size before relaxing)
 .stab          0x00000b64     0x1224 c:/program files (x86)/atmel/studio/7.0/toolchain/avr8/avr8-gnu-toolchain/bin/../lib/gcc/avr/4.9.2/../../../../avr/lib\libpololu_atmega328p.a(OrangutanBuzzer.o)
                               0x15fc (size before relaxing)
 .stab          0x00001d88     0x14a0 c:/program files (x86)/atmel/studio/7.0/toolchain/avr8/avr8-gnu-toolchain/bin/../lib/gcc/avr/4.9.2/../../../../avr/lib\libpololu_atmega328p.a(OrangutanLCD.o)
                               0x2010 (size before relaxing)
 .stab          0x00003228      0xa08 c:/program files (x86)/atmel/studio/7.0/toolchain/avr8/avr8-gnu-toolchain/bin/../lib/gcc/avr/4.9.2/../../../../avr/lib\libpololu_atmega328p.a(OrangutanMotors.o)
                                0xaec (size before relaxing)
 .stab          0x00003c30      0x7e0 c:/program files (x86)/atmel/studio/7.0/toolchain/avr8/avr8-gnu-toolchain/bin/../lib/gcc/avr/4.9.2/../../../../avr/lib\libpololu_atmega328p.a(OrangutanPushbuttons.o)
                                0xe40 (size before relaxing)
 .stab          0x00004410      0xa98 c:/program files (x86)/atmel/studio/7.0/toolchain/avr8/avr8-gnu-toolchain/bin/../lib/gcc/avr/4.9.2/../../../../avr/lib\libpololu_atmega328p.a(OrangutanSerial.o)
                               0x1380 (size before relaxing)
 .stab          0x00004ea8      0x7ec c:/program files (x86)/atmel/studio/7.0/toolchain/avr8/avr8-gnu-toolchain/bin/../lib/gcc/avr/4.9.2/../../../../avr/lib\libpololu_atmega328p.a(OrangutanTime.o)
                                0xaa4 (size before relaxing)
 .stab          0x00005694      0x81c c:/program files (x86)/atmel/studio/7.0/toolchain/avr8/avr8-gnu-toolchain/bin/../lib/gcc/avr/4.9.2/../../../../avr/lib\libpololu_atmega328p.a(Pololu3pi.o)
                                0xec4 (size before relaxing)
 .stab          0x00005eb0     0x19b0 c:/program files (x86)/atmel/studio/7.0/toolchain/avr8/avr8-gnu-toolchain/bin/../lib/gcc/avr/4.9.2/../../../../avr/lib\libpololu_atmega328p.a(PololuQTRSensors.o)
                               0x21a8 (size before relaxing)

.stabstr        0x00000000     0xa086
 *(.stabstr)
 .stabstr       0x00000000     0xa086 c:/program files (x86)/atmel/studio/7.0/toolchain/avr8/avr8-gnu-toolchain/bin/../lib/gcc/avr/4.9.2/../../../../avr/lib\libpololu_atmega328p.a(OrangutanAnalog.o)

.stab.excl
 *(.stab.excl)

.stab.exclstr
 *(.stab.exclstr)

.stab.index
 *(.stab.index)

.stab.indexstr
 *(.stab.indexstr)

.comment        0x00000000       0x41
 *(.comment)
 .comment       0x00000000       0x30 master.o
                                 0x31 (size before relaxing)
 .comment       0x00000030       0x11 c:/program files (x86)/atmel/studio/7.0/toolchain/avr8/avr8-gnu-toolchain/bin/../lib/gcc/avr/4.9.2/../../../../avr/lib\libpololu_atmega328p.a(OrangutanAnalog.o)
                                 0x12 (size before relaxing)
 .comment       0x00000041       0x12 c:/program files (x86)/atmel/studio/7.0/toolchain/avr8/avr8-gnu-toolchain/bin/../lib/gcc/avr/4.9.2/../../../../avr/lib\libpololu_atmega328p.a(OrangutanBuzzer.o)
 .comment       0x00000041       0x12 c:/program files (x86)/atmel/studio/7.0/toolchain/avr8/avr8-gnu-toolchain/bin/../lib/gcc/avr/4.9.2/../../../../avr/lib\libpololu_atmega328p.a(OrangutanLCD.o)
 .comment       0x00000041       0x12 c:/program files (x86)/atmel/studio/7.0/toolchain/avr8/avr8-gnu-toolchain/bin/../lib/gcc/avr/4.9.2/../../../../avr/lib\libpololu_atmega328p.a(OrangutanMotors.o)
 .comment       0x00000041       0x12 c:/program files (x86)/atmel/studio/7.0/toolchain/avr8/avr8-gnu-toolchain/bin/../lib/gcc/avr/4.9.2/../../../../avr/lib\libpololu_atmega328p.a(OrangutanPushbuttons.o)
 .comment       0x00000041       0x12 c:/program files (x86)/atmel/studio/7.0/toolchain/avr8/avr8-gnu-toolchain/bin/../lib/gcc/avr/4.9.2/../../../../avr/lib\libpololu_atmega328p.a(OrangutanSerial.o)
 .comment       0x00000041       0x12 c:/program files (x86)/atmel/studio/7.0/toolchain/avr8/avr8-gnu-toolchain/bin/../lib/gcc/avr/4.9.2/../../../../avr/lib\libpololu_atmega328p.a(OrangutanTime.o)
 .comment       0x00000041       0x12 c:/program files (x86)/atmel/studio/7.0/toolchain/avr8/avr8-gnu-toolchain/bin/../lib/gcc/avr/4.9.2/../../../../avr/lib\libpololu_atmega328p.a(Pololu3pi.o)
 .comment       0x00000041       0x12 c:/program files (x86)/atmel/studio/7.0/toolchain/avr8/avr8-gnu-toolchain/bin/../lib/gcc/avr/4.9.2/../../../../avr/lib\libpololu_atmega328p.a(PololuQTRSensors.o)
 .comment       0x00000041       0x31 c:/program files (x86)/atmel/studio/7.0/toolchain/avr8/avr8-gnu-toolchain/bin/../lib/gcc/avr/4.9.2/../../../../avr/lib/avr5\libc.a(malloc.o)

.note.gnu.avr.deviceinfo
                0x00000000       0x40
 .note.gnu.avr.deviceinfo
                0x00000000       0x40 C:/Program Files (x86)/Atmel/Studio/7.0/Packs/atmel/ATmega_DFP/1.0.106/gcc/dev/atmega328p/avr5/crtatmega328p.o

.note.gnu.build-id
 *(.note.gnu.build-id)

.debug
 *(.debug)

.line
 *(.line)

.debug_srcinfo
 *(.debug_srcinfo)

.debug_sfnames
 *(.debug_sfnames)

.debug_aranges  0x00000000      0x138
 *(.debug_aranges)
 .debug_aranges
                0x00000000      0x138 master.o

.debug_pubnames
 *(.debug_pubnames)

.debug_info     0x00000000     0x1d1f
 *(.debug_info .gnu.linkonce.wi.*)
 .debug_info    0x00000000     0x1d1f master.o

.debug_abbrev   0x00000000      0x496
 *(.debug_abbrev)
 .debug_abbrev  0x00000000      0x496 master.o

.debug_line     0x00000000     0x104d
 *(.debug_line .debug_line.* .debug_line_end)
 .debug_line    0x00000000     0x104d master.o

.debug_frame    0x00000000      0x3d8
 *(.debug_frame)
 .debug_frame   0x00000000      0x3d8 master.o

.debug_str      0x00000000      0x6ad
 *(.debug_str)
 .debug_str     0x00000000      0x6ad master.o
                                0x756 (size before relaxing)

.debug_loc      0x00000000      0xcbc
 *(.debug_loc)
 .debug_loc     0x00000000      0xcbc master.o

.debug_macinfo
 *(.debug_macinfo)

.debug_weaknames
 *(.debug_weaknames)

.debug_funcnames
 *(.debug_funcnames)

.debug_typenames
 *(.debug_typenames)

.debug_varnames
 *(.debug_varnames)

.debug_pubtypes
 *(.debug_pubtypes)

.debug_ranges   0x00000000      0x140
 *(.debug_ranges)
 .debug_ranges  0x00000000      0x140 master.o

.debug_macro
 *(.debug_macro)
OUTPUT(3pi-serial-master.elf elf32-avr)
LOAD linker stubs
